kotlin version: 2.0.20
error message: org.jetbrains.kotlin.backend.common.BackendException: Backend Internal error: Exception during IR lowering
File being compiled: /Users/khs/StudioProjects/FIGLE_M/common/src/main/java/com/khs/figle_m/common/theme/Theme.kt
The root cause java.lang.RuntimeException was thrown at: org.jetbrains.kotlin.backend.jvm.codegen.FunctionCodegen.generate(FunctionCodegen.kt:47)
	at org.jetbrains.kotlin.backend.common.CodegenUtil.reportBackendException(CodegenUtil.kt:253)
	at org.jetbrains.kotlin.backend.common.CodegenUtil.reportBackendException$default(CodegenUtil.kt:236)
	at org.jetbrains.kotlin.backend.common.phaser.PerformByIrFilePhase.invokeSequential(performByIrFile.kt:65)
	at org.jetbrains.kotlin.backend.common.phaser.PerformByIrFilePhase.invoke(performByIrFile.kt:52)
	at org.jetbrains.kotlin.backend.common.phaser.PerformByIrFilePhase.invoke(performByIrFile.kt:38)
	at org.jetbrains.kotlin.backend.common.phaser.NamedCompilerPhase.phaseBody(CompilerPhase.kt:166)
	at org.jetbrains.kotlin.backend.common.phaser.AbstractNamedCompilerPhase.invoke(CompilerPhase.kt:113)
	at org.jetbrains.kotlin.backend.common.phaser.CompositePhase.invoke(PhaseBuilders.kt:27)
	at org.jetbrains.kotlin.backend.common.phaser.CompositePhase.invoke(PhaseBuilders.kt:14)
	at org.jetbrains.kotlin.backend.common.phaser.NamedCompilerPhase.phaseBody(CompilerPhase.kt:166)
	at org.jetbrains.kotlin.backend.common.phaser.AbstractNamedCompilerPhase.invoke(CompilerPhase.kt:113)
	at org.jetbrains.kotlin.backend.common.phaser.CompilerPhaseKt.invokeToplevel(CompilerPhase.kt:62)
	at org.jetbrains.kotlin.backend.jvm.JvmIrCodegenFactory.invokeCodegen(JvmIrCodegenFactory.kt:371)
	at org.jetbrains.kotlin.codegen.CodegenFactory.generateModule(CodegenFactory.kt:47)
	at org.jetbrains.kotlin.backend.jvm.JvmIrCodegenFactory.generateModuleInFrontendIRMode(JvmIrCodegenFactory.kt:433)
	at org.jetbrains.kotlin.cli.jvm.compiler.pipeline.JvmCompilerPipelineKt.generateCodeFromIr(jvmCompilerPipeline.kt:246)
	at org.jetbrains.kotlin.cli.jvm.compiler.pipeline.JvmCompilerPipelineKt.compileModulesUsingFrontendIrAndLightTree(jvmCompilerPipeline.kt:142)
	at org.jetbrains.kotlin.cli.jvm.K2JVMCompiler.doExecute(K2JVMCompiler.kt:148)
	at org.jetbrains.kotlin.cli.jvm.K2JVMCompiler.doExecute(K2JVMCompiler.kt:43)
	at org.jetbrains.kotlin.cli.common.CLICompiler.execImpl(CLICompiler.kt:103)
	at org.jetbrains.kotlin.cli.common.CLICompiler.execImpl(CLICompiler.kt:49)
	at org.jetbrains.kotlin.cli.common.CLITool.exec(CLITool.kt:101)
	at org.jetbrains.kotlin.incremental.IncrementalJvmCompilerRunner.runCompiler(IncrementalJvmCompilerRunner.kt:464)
	at org.jetbrains.kotlin.incremental.IncrementalJvmCompilerRunner.runCompiler(IncrementalJvmCompilerRunner.kt:73)
	at org.jetbrains.kotlin.incremental.IncrementalCompilerRunner.doCompile(IncrementalCompilerRunner.kt:506)
	at org.jetbrains.kotlin.incremental.IncrementalCompilerRunner.compileImpl(IncrementalCompilerRunner.kt:423)
	at org.jetbrains.kotlin.incremental.IncrementalCompilerRunner.compileNonIncrementally(IncrementalCompilerRunner.kt:301)
	at org.jetbrains.kotlin.incremental.IncrementalCompilerRunner.compile(IncrementalCompilerRunner.kt:129)
	at org.jetbrains.kotlin.daemon.CompileServiceImplBase.execIncrementalCompiler(CompileServiceImpl.kt:675)
	at org.jetbrains.kotlin.daemon.CompileServiceImplBase.access$execIncrementalCompiler(CompileServiceImpl.kt:92)
	at org.jetbrains.kotlin.daemon.CompileServiceImpl.compile(CompileServiceImpl.kt:1660)
	at java.base/jdk.internal.reflect.DirectMethodHandleAccessor.invoke(Unknown Source)
	at java.base/java.lang.reflect.Method.invoke(Unknown Source)
	at java.rmi/sun.rmi.server.UnicastServerRef.dispatch(Unknown Source)
	at java.rmi/sun.rmi.transport.Transport$1.run(Unknown Source)
	at java.rmi/sun.rmi.transport.Transport$1.run(Unknown Source)
	at java.base/java.security.AccessController.doPrivileged(Unknown Source)
	at java.rmi/sun.rmi.transport.Transport.serviceCall(Unknown Source)
	at java.rmi/sun.rmi.transport.tcp.TCPTransport.handleMessages(Unknown Source)
	at java.rmi/sun.rmi.transport.tcp.TCPTransport$ConnectionHandler.run0(Unknown Source)
	at java.rmi/sun.rmi.transport.tcp.TCPTransport$ConnectionHandler.lambda$run$0(Unknown Source)
	at java.base/java.security.AccessController.doPrivileged(Unknown Source)
	at java.rmi/sun.rmi.transport.tcp.TCPTransport$ConnectionHandler.run(Unknown Source)
	at java.base/java.util.concurrent.ThreadPoolExecutor.runWorker(Unknown Source)
	at java.base/java.util.concurrent.ThreadPoolExecutor$Worker.run(Unknown Source)
	at java.base/java.lang.Thread.run(Unknown Source)
Caused by: java.lang.RuntimeException: Exception while generating code for:
FUN name:FigleTheme visibility:public modality:FINAL <> (darkTheme:kotlin.Boolean, androidTheme:kotlin.Boolean, disableDynamicTheming:kotlin.Boolean, content:@[Composable] kotlin.Function0<kotlin.Unit>) returnType:kotlin.Unit
  annotations:
    Composable
  VALUE_PARAMETER name:darkTheme index:0 type:kotlin.Boolean
    EXPRESSION_BODY
      ERROR_EXPR 'Default Stub' type=kotlin.Boolean
  VALUE_PARAMETER name:androidTheme index:1 type:kotlin.Boolean
    EXPRESSION_BODY
      ERROR_EXPR 'Default Stub' type=kotlin.Boolean
  VALUE_PARAMETER name:disableDynamicTheming index:2 type:kotlin.Boolean
    EXPRESSION_BODY
      ERROR_EXPR 'Default Stub' type=kotlin.Boolean
  VALUE_PARAMETER name:content index:3 type:@[Composable] kotlin.Function0<kotlin.Unit>
  BLOCK_BODY
    VAR name:colorScheme type:androidx.compose.material3.ColorScheme [val]
      WHEN type=androidx.compose.material3.ColorScheme origin=WHEN
        BRANCH
          if: GET_VAR 'androidTheme: kotlin.Boolean declared in com.khs.figle_m.common.theme.ThemeKt.FigleTheme' type=kotlin.Boolean origin=null
          then: WHEN type=androidx.compose.material3.ColorScheme origin=IF
            BRANCH
              if: GET_VAR 'darkTheme: kotlin.Boolean declared in com.khs.figle_m.common.theme.ThemeKt.FigleTheme' type=kotlin.Boolean origin=null
              then: GET_FIELD 'FIELD PROPERTY_BACKING_FIELD name:DarkAndroidColorScheme type:androidx.compose.material3.ColorScheme visibility:private [final,static]' type=androidx.compose.material3.ColorScheme origin=null
            BRANCH
              if: CONST Boolean type=kotlin.Boolean value=true
              then: GET_FIELD 'FIELD PROPERTY_BACKING_FIELD name:LightAndroidColorScheme type:androidx.compose.material3.ColorScheme visibility:private [final,static]' type=androidx.compose.material3.ColorScheme origin=null
        BRANCH
          if: CALL 'public final fun ANDAND (arg0: kotlin.Boolean, arg1: kotlin.Boolean): kotlin.Boolean declared in kotlin.internal.ir' type=kotlin.Boolean origin=null
            arg0: CALL 'public final fun not (): kotlin.Boolean [operator] declared in kotlin.Boolean' type=kotlin.Boolean origin=null
              $this: GET_VAR 'disableDynamicTheming: kotlin.Boolean declared in com.khs.figle_m.common.theme.ThemeKt.FigleTheme' type=kotlin.Boolean origin=null
            arg1: CALL 'public final fun supportsDynamicTheming (): kotlin.Boolean declared in com.khs.figle_m.common.theme.ThemeKt' type=kotlin.Boolean origin=null
          then: BLOCK type=androidx.compose.material3.ColorScheme origin=null
            VAR name:context type:android.content.Context [val]
              CALL 'public final fun <get-current> (): T of androidx.compose.runtime.CompositionLocal [inline] declared in androidx.compose.runtime.CompositionLocal' type=android.content.Context origin=GET_PROPERTY
                $this: TYPE_OP type=androidx.compose.runtime.CompositionLocal<T of androidx.compose.runtime.CompositionLocal> origin=IMPLICIT_CAST typeOperand=androidx.compose.runtime.CompositionLocal<T of androidx.compose.runtime.CompositionLocal>
                  CALL 'public final fun <get-LocalContext> (): androidx.compose.runtime.ProvidableCompositionLocal<android.content.Context> declared in androidx.compose.ui.platform.AndroidCompositionLocals_androidKt' type=androidx.compose.runtime.ProvidableCompositionLocal<android.content.Context> origin=GET_PROPERTY
            WHEN type=androidx.compose.material3.ColorScheme origin=IF
              BRANCH
                if: GET_VAR 'darkTheme: kotlin.Boolean declared in com.khs.figle_m.common.theme.ThemeKt.FigleTheme' type=kotlin.Boolean origin=null
                then: CALL 'public final fun dynamicDarkColorScheme (context: android.content.Context): androidx.compose.material3.ColorScheme declared in androidx.compose.material3.DynamicTonalPaletteKt' type=androidx.compose.material3.ColorScheme origin=null
                  context: GET_VAR 'val context: android.content.Context [val] declared in com.khs.figle_m.common.theme.ThemeKt.FigleTheme' type=android.content.Context origin=null
              BRANCH
                if: CONST Boolean type=kotlin.Boolean value=true
                then: CALL 'public final fun dynamicLightColorScheme (context: android.content.Context): androidx.compose.material3.ColorScheme declared in androidx.compose.material3.DynamicTonalPaletteKt' type=androidx.compose.material3.ColorScheme origin=null
                  context: GET_VAR 'val context: android.content.Context [val] declared in com.khs.figle_m.common.theme.ThemeKt.FigleTheme' type=android.content.Context origin=null
        BRANCH
          if: CONST Boolean type=kotlin.Boolean value=true
          then: WHEN type=androidx.compose.material3.ColorScheme origin=IF
            BRANCH
              if: GET_VAR 'darkTheme: kotlin.Boolean declared in com.khs.figle_m.common.theme.ThemeKt.FigleTheme' type=kotlin.Boolean origin=null
              then: GET_FIELD 'FIELD PROPERTY_BACKING_FIELD name:DarkDefaultColorScheme type:androidx.compose.material3.ColorScheme visibility:private [final,static]' type=androidx.compose.material3.ColorScheme origin=null
            BRANCH
              if: CONST Boolean type=kotlin.Boolean value=true
              then: GET_FIELD 'FIELD PROPERTY_BACKING_FIELD name:LightDefaultColorScheme type:androidx.compose.material3.ColorScheme visibility:private [final,static]' type=androidx.compose.material3.ColorScheme origin=null
    VAR name:emptyGradientColors type:com.khs.figle_m.common.theme.GradientColors [val]
      CONSTRUCTOR_CALL 'public constructor <init> (top: androidx.compose.ui.graphics.Color, bottom: androidx.compose.ui.graphics.Color, container: androidx.compose.ui.graphics.Color, $mask0: kotlin.Int, $marker: kotlin.jvm.internal.DefaultConstructorMarker?) declared in com.khs.figle_m.common.theme.GradientColors' type=com.khs.figle_m.common.theme.GradientColors origin=DEFAULT_DISPATCH_CALL
        top: COMPOSITE type=androidx.compose.ui.graphics.Color origin=DEFAULT_VALUE
          CALL 'public final fun <unsafe-coerce> <T, R> (v: T of kotlin.jvm.internal.<unsafe-coerce>): R of kotlin.jvm.internal.<unsafe-coerce> declared in kotlin.jvm.internal' type=androidx.compose.ui.graphics.Color origin=null
            <T>: kotlin.Long
            <R>: androidx.compose.ui.graphics.Color
            v: CONST Long type=kotlin.Long value=0
        bottom: COMPOSITE type=androidx.compose.ui.graphics.Color origin=DEFAULT_VALUE
          CALL 'public final fun <unsafe-coerce> <T, R> (v: T of kotlin.jvm.internal.<unsafe-coerce>): R of kotlin.jvm.internal.<unsafe-coerce> declared in kotlin.jvm.internal' type=androidx.compose.ui.graphics.Color origin=null
            <T>: kotlin.Long
            <R>: androidx.compose.ui.graphics.Color
            v: CONST Long type=kotlin.Long value=0
        container: CALL 'public final fun surfaceColorAtElevation-3ABfNKs (elevation: androidx.compose.ui.unit.Dp): androidx.compose.ui.graphics.Color declared in androidx.compose.material3.ColorSchemeKt' type=androidx.compose.ui.graphics.Color origin=null
          $receiver: GET_VAR 'val colorScheme: androidx.compose.material3.ColorScheme [val] declared in com.khs.figle_m.common.theme.ThemeKt.FigleTheme' type=androidx.compose.material3.ColorScheme origin=null
          elevation: CALL 'public final fun <get-dp> (): androidx.compose.ui.unit.Dp [inline] declared in androidx.compose.ui.unit.DpKt' type=androidx.compose.ui.unit.Dp origin=GET_PROPERTY
            $receiver: CONST Int type=kotlin.Int value=2
        $mask0: CONST Int type=kotlin.Int value=3
        $marker: CONST Null type=kotlin.jvm.internal.DefaultConstructorMarker? value=null
    VAR name:defaultGradientColors type:com.khs.figle_m.common.theme.GradientColors [val]
      CONSTRUCTOR_CALL 'public constructor <init> (top: androidx.compose.ui.graphics.Color, bottom: androidx.compose.ui.graphics.Color, container: androidx.compose.ui.graphics.Color, $constructor_marker: kotlin.jvm.internal.DefaultConstructorMarker?) declared in com.khs.figle_m.common.theme.GradientColors' type=com.khs.figle_m.common.theme.GradientColors origin=null
        top: CALL 'public final fun getInverseOnSurface-0d7_KjU (): androidx.compose.ui.graphics.Color declared in androidx.compose.material3.ColorScheme' type=androidx.compose.ui.graphics.Color origin=GET_PROPERTY
          $this: GET_VAR 'val colorScheme: androidx.compose.material3.ColorScheme [val] declared in com.khs.figle_m.common.theme.ThemeKt.FigleTheme' type=androidx.compose.material3.ColorScheme origin=null
        bottom: CALL 'public final fun getPrimaryContainer-0d7_KjU (): androidx.compose.ui.graphics.Color declared in androidx.compose.material3.ColorScheme' type=androidx.compose.ui.graphics.Color origin=GET_PROPERTY
          $this: GET_VAR 'val colorScheme: androidx.compose.material3.ColorScheme [val] declared in com.khs.figle_m.common.theme.ThemeKt.FigleTheme' type=androidx.compose.material3.ColorScheme origin=null
        container: CALL 'public final fun getSurface-0d7_KjU (): androidx.compose.ui.graphics.Color declared in androidx.compose.material3.ColorScheme' type=androidx.compose.ui.graphics.Color origin=GET_PROPERTY
          $this: GET_VAR 'val colorScheme: androidx.compose.material3.ColorScheme [val] declared in com.khs.figle_m.common.theme.ThemeKt.FigleTheme' type=androidx.compose.material3.ColorScheme origin=null
        $constructor_marker: CONST Null type=kotlin.jvm.internal.DefaultConstructorMarker? value=null
    VAR name:gradientColors type:com.khs.figle_m.common.theme.GradientColors [val]
      WHEN type=com.khs.figle_m.common.theme.GradientColors origin=WHEN
        BRANCH
          if: GET_VAR 'androidTheme: kotlin.Boolean declared in com.khs.figle_m.common.theme.ThemeKt.FigleTheme' type=kotlin.Boolean origin=null
          then: WHEN type=com.khs.figle_m.common.theme.GradientColors origin=IF
            BRANCH
              if: GET_VAR 'darkTheme: kotlin.Boolean declared in com.khs.figle_m.common.theme.ThemeKt.FigleTheme' type=kotlin.Boolean origin=null
              then: GET_FIELD 'FIELD PROPERTY_BACKING_FIELD name:DarkAndroidGradientColors type:com.khs.figle_m.common.theme.GradientColors visibility:private [final,static]' type=com.khs.figle_m.common.theme.GradientColors origin=null
            BRANCH
              if: CONST Boolean type=kotlin.Boolean value=true
              then: GET_FIELD 'FIELD PROPERTY_BACKING_FIELD name:LightAndroidGradientColors type:com.khs.figle_m.common.theme.GradientColors visibility:private [final,static]' type=com.khs.figle_m.common.theme.GradientColors origin=null
        BRANCH
          if: CALL 'public final fun ANDAND (arg0: kotlin.Boolean, arg1: kotlin.Boolean): kotlin.Boolean declared in kotlin.internal.ir' type=kotlin.Boolean origin=null
            arg0: CALL 'public final fun not (): kotlin.Boolean [operator] declared in kotlin.Boolean' type=kotlin.Boolean origin=null
              $this: GET_VAR 'disableDynamicTheming: kotlin.Boolean declared in com.khs.figle_m.common.theme.ThemeKt.FigleTheme' type=kotlin.Boolean origin=null
            arg1: CALL 'public final fun supportsDynamicTheming (): kotlin.Boolean declared in com.khs.figle_m.common.theme.ThemeKt' type=kotlin.Boolean origin=null
          then: GET_VAR 'val emptyGradientColors: com.khs.figle_m.common.theme.GradientColors [val] declared in com.khs.figle_m.common.theme.ThemeKt.FigleTheme' type=com.khs.figle_m.common.theme.GradientColors origin=null
        BRANCH
          if: CONST Boolean type=kotlin.Boolean value=true
          then: GET_VAR 'val defaultGradientColors: com.khs.figle_m.common.theme.GradientColors [val] declared in com.khs.figle_m.common.theme.ThemeKt.FigleTheme' type=com.khs.figle_m.common.theme.GradientColors origin=null
    VAR name:defaultBackgroundTheme type:com.khs.figle_m.common.theme.BackgroundTheme [val]
      CONSTRUCTOR_CALL 'public constructor <init> (color: androidx.compose.ui.graphics.Color, tonalElevation: androidx.compose.ui.unit.Dp, $constructor_marker: kotlin.jvm.internal.DefaultConstructorMarker?) declared in com.khs.figle_m.common.theme.BackgroundTheme' type=com.khs.figle_m.common.theme.BackgroundTheme origin=null
        color: CALL 'public final fun getSurface-0d7_KjU (): androidx.compose.ui.graphics.Color declared in androidx.compose.material3.ColorScheme' type=androidx.compose.ui.graphics.Color origin=GET_PROPERTY
          $this: GET_VAR 'val colorScheme: androidx.compose.material3.ColorScheme [val] declared in com.khs.figle_m.common.theme.ThemeKt.FigleTheme' type=androidx.compose.material3.ColorScheme origin=null
        tonalElevation: CALL 'public final fun <get-dp> (): androidx.compose.ui.unit.Dp [inline] declared in androidx.compose.ui.unit.DpKt' type=androidx.compose.ui.unit.Dp origin=GET_PROPERTY
          $receiver: CONST Int type=kotlin.Int value=2
        $constructor_marker: CONST Null type=kotlin.jvm.internal.DefaultConstructorMarker? value=null
    VAR name:backgroundTheme type:com.khs.figle_m.common.theme.BackgroundTheme [val]
      WHEN type=com.khs.figle_m.common.theme.BackgroundTheme origin=WHEN
        BRANCH
          if: GET_VAR 'androidTheme: kotlin.Boolean declared in com.khs.figle_m.common.theme.ThemeKt.FigleTheme' type=kotlin.Boolean origin=null
          then: WHEN type=com.khs.figle_m.common.theme.BackgroundTheme origin=IF
            BRANCH
              if: GET_VAR 'darkTheme: kotlin.Boolean declared in com.khs.figle_m.common.theme.ThemeKt.FigleTheme' type=kotlin.Boolean origin=null
              then: GET_FIELD 'FIELD PROPERTY_BACKING_FIELD name:DarkAndroidBackgroundTheme type:com.khs.figle_m.common.theme.BackgroundTheme visibility:private [final,static]' type=com.khs.figle_m.common.theme.BackgroundTheme origin=null
            BRANCH
              if: CONST Boolean type=kotlin.Boolean value=true
              then: GET_FIELD 'FIELD PROPERTY_BACKING_FIELD name:LightAndroidBackgroundTheme type:com.khs.figle_m.common.theme.BackgroundTheme visibility:private [final,static]' type=com.khs.figle_m.common.theme.BackgroundTheme origin=null
        BRANCH
          if: CONST Boolean type=kotlin.Boolean value=true
          then: GET_VAR 'val defaultBackgroundTheme: com.khs.figle_m.common.theme.BackgroundTheme [val] declared in com.khs.figle_m.common.theme.ThemeKt.FigleTheme' type=com.khs.figle_m.common.theme.BackgroundTheme origin=null
    VAR name:tintTheme type:com.khs.figle_m.common.theme.TintTheme [val]
      WHEN type=com.khs.figle_m.common.theme.TintTheme origin=WHEN
        BRANCH
          if: GET_VAR 'androidTheme: kotlin.Boolean declared in com.khs.figle_m.common.theme.ThemeKt.FigleTheme' type=kotlin.Boolean origin=null
          then: CONSTRUCTOR_CALL 'public constructor <init> (iconTint: androidx.compose.ui.graphics.Color?, $mask0: kotlin.Int, $marker: kotlin.jvm.internal.DefaultConstructorMarker?) declared in com.khs.figle_m.common.theme.TintTheme' type=com.khs.figle_m.common.theme.TintTheme origin=DEFAULT_DISPATCH_CALL
            iconTint: COMPOSITE type=androidx.compose.ui.graphics.Color? origin=DEFAULT_VALUE
              CONST Null type=androidx.compose.ui.graphics.Color? value=null
            $mask0: CONST Int type=kotlin.Int value=1
            $marker: CONST Null type=kotlin.jvm.internal.DefaultConstructorMarker? value=null
        BRANCH
          if: CALL 'public final fun ANDAND (arg0: kotlin.Boolean, arg1: kotlin.Boolean): kotlin.Boolean declared in kotlin.internal.ir' type=kotlin.Boolean origin=null
            arg0: CALL 'public final fun not (): kotlin.Boolean [operator] declared in kotlin.Boolean' type=kotlin.Boolean origin=null
              $this: GET_VAR 'disableDynamicTheming: kotlin.Boolean declared in com.khs.figle_m.common.theme.ThemeKt.FigleTheme' type=kotlin.Boolean origin=null
            arg1: CALL 'public final fun supportsDynamicTheming (): kotlin.Boolean declared in com.khs.figle_m.common.theme.ThemeKt' type=kotlin.Boolean origin=null
          then: CONSTRUCTOR_CALL 'public constructor <init> (iconTint: androidx.compose.ui.graphics.Color?, $constructor_marker: kotlin.jvm.internal.DefaultConstructorMarker?) declared in com.khs.figle_m.common.theme.TintTheme' type=com.khs.figle_m.common.theme.TintTheme origin=null
            iconTint: CALL 'public final fun getPrimary-0d7_KjU (): androidx.compose.ui.graphics.Color declared in androidx.compose.material3.ColorScheme' type=androidx.compose.ui.graphics.Color origin=GET_PROPERTY
              $this: GET_VAR 'val colorScheme: androidx.compose.material3.ColorScheme [val] declared in com.khs.figle_m.common.theme.ThemeKt.FigleTheme' type=androidx.compose.material3.ColorScheme origin=null
            $constructor_marker: CONST Null type=kotlin.jvm.internal.DefaultConstructorMarker? value=null
        BRANCH
          if: CONST Boolean type=kotlin.Boolean value=true
          then: CONSTRUCTOR_CALL 'public constructor <init> (iconTint: androidx.compose.ui.graphics.Color?, $mask0: kotlin.Int, $marker: kotlin.jvm.internal.DefaultConstructorMarker?) declared in com.khs.figle_m.common.theme.TintTheme' type=com.khs.figle_m.common.theme.TintTheme origin=DEFAULT_DISPATCH_CALL
            iconTint: COMPOSITE type=androidx.compose.ui.graphics.Color? origin=DEFAULT_VALUE
              CONST Null type=androidx.compose.ui.graphics.Color? value=null
            $mask0: CONST Int type=kotlin.Int value=1
            $marker: CONST Null type=kotlin.jvm.internal.DefaultConstructorMarker? value=null
    CALL 'public final fun CompositionLocalProvider (vararg values: androidx.compose.runtime.ProvidedValue<*>, content: @[Composable] kotlin.Function0<kotlin.Unit>): kotlin.Unit declared in androidx.compose.runtime.CompositionLocalKt' type=kotlin.Unit origin=null
      values: BLOCK type=kotlin.Array<out androidx.compose.runtime.ProvidedValue<*>> origin=null
        VAR IR_TEMPORARY_VARIABLE name:tmp0 type:kotlin.Array<out androidx.compose.runtime.ProvidedValue<*>> [val]
          CALL 'public final fun arrayOfNulls <T> (size: kotlin.Int): kotlin.Array<T of kotlin.arrayOfNulls?> declared in kotlin' type=kotlin.Array<out androidx.compose.runtime.ProvidedValue<*>> origin=null
            <T>: androidx.compose.runtime.ProvidedValue<*>
            size: CONST Int type=kotlin.Int value=3
        CALL 'public final fun set (index: kotlin.Int, value: T of kotlin.Array): kotlin.Unit [operator] declared in kotlin.Array' type=kotlin.Unit origin=null
          $this: GET_VAR 'val tmp0: kotlin.Array<out androidx.compose.runtime.ProvidedValue<*>> [val] declared in com.khs.figle_m.common.theme.ThemeKt.FigleTheme' type=kotlin.Array<out androidx.compose.runtime.ProvidedValue<*>> origin=null
          index: CONST Int type=kotlin.Int value=0
          value: CALL 'public final fun provides (value: T of androidx.compose.runtime.ProvidableCompositionLocal): androidx.compose.runtime.ProvidedValue<T of androidx.compose.runtime.ProvidableCompositionLocal> [infix] declared in androidx.compose.runtime.ProvidableCompositionLocal' type=androidx.compose.runtime.ProvidedValue<com.khs.figle_m.common.theme.GradientColors> origin=null
            $this: CALL 'public final fun <get-LocalGradientColors> (): androidx.compose.runtime.ProvidableCompositionLocal<com.khs.figle_m.common.theme.GradientColors> declared in com.khs.figle_m.common.theme.GradientKt' type=androidx.compose.runtime.ProvidableCompositionLocal<com.khs.figle_m.common.theme.GradientColors> origin=GET_PROPERTY
            value: GET_VAR 'val gradientColors: com.khs.figle_m.common.theme.GradientColors [val] declared in com.khs.figle_m.common.theme.ThemeKt.FigleTheme' type=com.khs.figle_m.common.theme.GradientColors origin=null
        CALL 'public final fun set (index: kotlin.Int, value: T of kotlin.Array): kotlin.Unit [operator] declared in kotlin.Array' type=kotlin.Unit origin=null
          $this: GET_VAR 'val tmp0: kotlin.Array<out androidx.compose.runtime.ProvidedValue<*>> [val] declared in com.khs.figle_m.common.theme.ThemeKt.FigleTheme' type=kotlin.Array<out androidx.compose.runtime.ProvidedValue<*>> origin=null
          index: CONST Int type=kotlin.Int value=1
          value: CALL 'public final fun provides (value: T of androidx.compose.runtime.ProvidableCompositionLocal): androidx.compose.runtime.ProvidedValue<T of androidx.compose.runtime.ProvidableCompositionLocal> [infix] declared in androidx.compose.runtime.ProvidableCompositionLocal' type=androidx.compose.runtime.ProvidedValue<com.khs.figle_m.common.theme.BackgroundTheme> origin=null
            $this: CALL 'public final fun <get-LocalBackgroundTheme> (): androidx.compose.runtime.ProvidableCompositionLocal<com.khs.figle_m.common.theme.BackgroundTheme> declared in com.khs.figle_m.common.theme.BackgroundKt' type=androidx.compose.runtime.ProvidableCompositionLocal<com.khs.figle_m.common.theme.BackgroundTheme> origin=GET_PROPERTY
            value: GET_VAR 'val backgroundTheme: com.khs.figle_m.common.theme.BackgroundTheme [val] declared in com.khs.figle_m.common.theme.ThemeKt.FigleTheme' type=com.khs.figle_m.common.theme.BackgroundTheme origin=null
        CALL 'public final fun set (index: kotlin.Int, value: T of kotlin.Array): kotlin.Unit [operator] declared in kotlin.Array' type=kotlin.Unit origin=null
          $this: GET_VAR 'val tmp0: kotlin.Array<out androidx.compose.runtime.ProvidedValue<*>> [val] declared in com.khs.figle_m.common.theme.ThemeKt.FigleTheme' type=kotlin.Array<out androidx.compose.runtime.ProvidedValue<*>> origin=null
          index: CONST Int type=kotlin.Int value=2
          value: CALL 'public final fun provides (value: T of androidx.compose.runtime.ProvidableCompositionLocal): androidx.compose.runtime.ProvidedValue<T of androidx.compose.runtime.ProvidableCompositionLocal> [infix] declared in androidx.compose.runtime.ProvidableCompositionLocal' type=androidx.compose.runtime.ProvidedValue<com.khs.figle_m.common.theme.TintTheme> origin=null
            $this: CALL 'public final fun <get-LocalTintTheme> (): androidx.compose.runtime.ProvidableCompositionLocal<com.khs.figle_m.common.theme.TintTheme> declared in com.khs.figle_m.common.theme.TintKt' type=androidx.compose.runtime.ProvidableCompositionLocal<com.khs.figle_m.common.theme.TintTheme> origin=GET_PROPERTY
            value: GET_VAR 'val tintTheme: com.khs.figle_m.common.theme.TintTheme [val] declared in com.khs.figle_m.common.theme.ThemeKt.FigleTheme' type=com.khs.figle_m.common.theme.TintTheme origin=null
        GET_VAR 'val tmp0: kotlin.Array<out androidx.compose.runtime.ProvidedValue<*>> [val] declared in com.khs.figle_m.common.theme.ThemeKt.FigleTheme' type=kotlin.Array<out androidx.compose.runtime.ProvidedValue<*>> origin=null
      content: BLOCK type=kotlin.Function0<kotlin.Unit> origin=LAMBDA
        COMPOSITE type=kotlin.Unit origin=null
        CALL 'public final fun <jvm-indy> <T> (dynamicCall: T of kotlin.jvm.internal.<jvm-indy>, bootstrapMethodHandle: kotlin.Any, vararg bootstrapMethodArguments: kotlin.Any): T of kotlin.jvm.internal.<jvm-indy> declared in kotlin.jvm.internal' type=kotlin.Function0<kotlin.Unit> origin=null
          <T>: kotlin.Function0<kotlin.Unit>
          dynamicCall: CALL 'public final fun invoke (p0: androidx.compose.material3.ColorScheme, p1: @[Composable] kotlin.Function0<kotlin.Unit>): kotlin.Function0<kotlin.Unit> declared in kotlin.jvm.internal.invokeDynamic' type=kotlin.Function0<kotlin.Unit> origin=null
            p0: GET_VAR 'val colorScheme: androidx.compose.material3.ColorScheme [val] declared in com.khs.figle_m.common.theme.ThemeKt.FigleTheme' type=androidx.compose.material3.ColorScheme origin=null
            p1: GET_VAR 'content: @[Composable] kotlin.Function0<kotlin.Unit> declared in com.khs.figle_m.common.theme.ThemeKt.FigleTheme' type=@[Composable] kotlin.Function0<kotlin.Unit> origin=null
          bootstrapMethodHandle: CALL 'public final fun <jvm-method-handle> (tag: kotlin.Int, owner: kotlin.String, name: kotlin.String, descriptor: kotlin.String, isInterface: kotlin.Boolean): kotlin.Any declared in kotlin.jvm.internal' type=kotlin.Any origin=null
            tag: CONST Int type=kotlin.Int value=6
            owner: CONST String type=kotlin.String value="java/lang/invoke/LambdaMetafactory"
            name: CONST String type=kotlin.String value="metafactory"
            descriptor: CONST String type=kotlin.String value="(Ljava/lang/invoke/MethodHandles$Lookup;Ljava/lang/String;Ljava/lang/invoke/MethodType;Ljava/lang/invoke/MethodType;Ljava/lang/invoke/MethodHandle;Ljava/lang/invoke/MethodType;)Ljava/lang/invoke/CallSite;"
            isInterface: CONST Boolean type=kotlin.Boolean value=false
          bootstrapMethodArguments: VARARG type=kotlin.Array<kotlin.Any> varargElementType=kotlin.Any
            CALL 'public final fun <jvm-original-method-type> (method: kotlin.Any): kotlin.Any declared in kotlin.jvm.internal' type=kotlin.Any origin=null
              method: RAW_FUNCTION_REFERENCE 'public abstract fun invoke (): R of kotlin.Function0 [operator] declared in kotlin.Function0' type=kotlin.Any
            RAW_FUNCTION_REFERENCE 'private final fun FigleTheme$lambda$0 ($colorScheme: androidx.compose.material3.ColorScheme, $content: @[Composable] kotlin.Function0<kotlin.Unit>): kotlin.Unit? declared in com.khs.figle_m.common.theme.ThemeKt' type=kotlin.Any
            CALL 'public final fun <jvm-original-method-type> (method: kotlin.Any): kotlin.Any declared in kotlin.jvm.internal' type=kotlin.Any origin=null
              method: RAW_FUNCTION_REFERENCE 'public abstract fun invoke (): kotlin.Unit? [fake_override,operator] declared in kotlin.jvm.internal.invokeDynamic.<fake>' type=kotlin.Any

	at org.jetbrains.kotlin.backend.jvm.codegen.FunctionCodegen.generate(FunctionCodegen.kt:47)
	at org.jetbrains.kotlin.backend.jvm.codegen.FunctionCodegen.generate$default(FunctionCodegen.kt:40)
	at org.jetbrains.kotlin.backend.jvm.codegen.ClassCodegen.generateMethodNode(ClassCodegen.kt:406)
	at org.jetbrains.kotlin.backend.jvm.codegen.ClassCodegen.generateMethod(ClassCodegen.kt:423)
	at org.jetbrains.kotlin.backend.jvm.codegen.ClassCodegen.generate(ClassCodegen.kt:168)
	at org.jetbrains.kotlin.backend.jvm.FileCodegen.lower(JvmPhases.kt:39)
	at org.jetbrains.kotlin.backend.common.phaser.PhaseFactoriesKt.createFilePhase$lambda$4(PhaseFactories.kt:71)
	at org.jetbrains.kotlin.backend.common.phaser.PhaseBuildersKt$createSimpleNamedCompilerPhase$1.phaseBody(PhaseBuilders.kt:69)
	at org.jetbrains.kotlin.backend.common.phaser.SimpleNamedCompilerPhase.phaseBody(CompilerPhase.kt:226)
	at org.jetbrains.kotlin.backend.common.phaser.AbstractNamedCompilerPhase.invoke(CompilerPhase.kt:113)
	at org.jetbrains.kotlin.backend.common.phaser.PerformByIrFilePhase.invokeSequential(performByIrFile.kt:62)
	... 43 more
Caused by: org.jetbrains.kotlin.codegen.CompilationException: Back-end (JVM) Internal error: Couldn't inline method call: CALL 'public final fun <get-current> (): T of androidx.compose.runtime.CompositionLocal [inline] declared in androidx.compose.runtime.CompositionLocal' type=android.content.Context origin=GET_PROPERTY
Method: null
File is unknown
The root cause java.lang.IllegalStateException was thrown at: org.jetbrains.kotlin.codegen.inline.SourceCompilerForInlineKt.getMethodNode(SourceCompilerForInline.kt:118)
	at org.jetbrains.kotlin.codegen.inline.InlineCodegen.performInline(InlineCodegen.kt:65)
	at org.jetbrains.kotlin.backend.jvm.codegen.IrInlineCodegen.genInlineCall(IrInlineCodegen.kt:163)
	at org.jetbrains.kotlin.backend.jvm.codegen.IrInlineCallGenerator.genCall(IrInlineCallGenerator.kt:36)
	at org.jetbrains.kotlin.backend.jvm.codegen.ExpressionCodegen.visitCall(ExpressionCodegen.kt:653)
	at org.jetbrains.kotlin.backend.jvm.codegen.ExpressionCodegen.visitCall(ExpressionCodegen.kt:138)
	at org.jetbrains.kotlin.ir.expressions.IrCall.accept(IrCall.kt:24)
	at org.jetbrains.kotlin.backend.jvm.codegen.ExpressionCodegen.visitVariable(ExpressionCodegen.kt:790)
	at org.jetbrains.kotlin.backend.jvm.codegen.ExpressionCodegen.visitVariable(ExpressionCodegen.kt:138)
	at org.jetbrains.kotlin.ir.declarations.IrVariable.accept(IrVariable.kt:36)
	at org.jetbrains.kotlin.backend.jvm.codegen.ExpressionCodegen.visitStatementContainer(ExpressionCodegen.kt:579)
	at org.jetbrains.kotlin.backend.jvm.codegen.ExpressionCodegen.visitContainerExpression(ExpressionCodegen.kt:593)
	at org.jetbrains.kotlin.backend.jvm.codegen.ExpressionCodegen.visitContainerExpression(ExpressionCodegen.kt:138)
	at org.jetbrains.kotlin.ir.visitors.IrElementVisitor$DefaultImpls.visitBlock(IrElementVisitor.kt:122)
	at org.jetbrains.kotlin.backend.jvm.codegen.ExpressionCodegen.visitBlock(ExpressionCodegen.kt:413)
	at org.jetbrains.kotlin.backend.jvm.codegen.ExpressionCodegen.visitBlock(ExpressionCodegen.kt:138)
	at org.jetbrains.kotlin.ir.expressions.IrBlock.accept(IrBlock.kt:18)
	at org.jetbrains.kotlin.backend.jvm.codegen.ExpressionCodegen.visitWhen(ExpressionCodegen.kt:1101)
	at org.jetbrains.kotlin.backend.jvm.codegen.ExpressionCodegen.visitWhen(ExpressionCodegen.kt:138)
	at org.jetbrains.kotlin.ir.expressions.IrWhen.accept(IrWhen.kt:24)
	at org.jetbrains.kotlin.backend.jvm.codegen.ExpressionCodegen.visitVariable(ExpressionCodegen.kt:790)
	at org.jetbrains.kotlin.backend.jvm.codegen.ExpressionCodegen.visitVariable(ExpressionCodegen.kt:138)
	at org.jetbrains.kotlin.ir.declarations.IrVariable.accept(IrVariable.kt:36)
	at org.jetbrains.kotlin.backend.jvm.codegen.ExpressionCodegen.visitStatementContainer(ExpressionCodegen.kt:579)
	at org.jetbrains.kotlin.backend.jvm.codegen.ExpressionCodegen.visitBlockBody(ExpressionCodegen.kt:584)
	at org.jetbrains.kotlin.backend.jvm.codegen.ExpressionCodegen.visitBlockBody(ExpressionCodegen.kt:138)
	at org.jetbrains.kotlin.ir.expressions.IrBlockBody.accept(IrBlockBody.kt:20)
	at org.jetbrains.kotlin.backend.jvm.codegen.ExpressionCodegen.generate(ExpressionCodegen.kt:240)
	at org.jetbrains.kotlin.backend.jvm.codegen.FunctionCodegen.doGenerate(FunctionCodegen.kt:123)
	at org.jetbrains.kotlin.backend.jvm.codegen.FunctionCodegen.generate(FunctionCodegen.kt:44)
	... 53 more
Caused by: java.lang.IllegalStateException: couldn't find inline method Landroidx/compose/runtime/CompositionLocal;.getCurrent()Ljava/lang/Object;
	at org.jetbrains.kotlin.codegen.inline.SourceCompilerForInlineKt.getMethodNode(SourceCompilerForInline.kt:118)
	at org.jetbrains.kotlin.codegen.inline.SourceCompilerForInlineKt.loadCompiledInlineFunction(SourceCompilerForInline.kt:96)
	at org.jetbrains.kotlin.backend.jvm.codegen.IrSourceCompilerForInline.compileInlineFunction(IrSourceCompilerForInline.kt:91)
	at org.jetbrains.kotlin.codegen.inline.InlineCodegen.compileInline(InlineCodegen.kt:43)
	at org.jetbrains.kotlin.codegen.inline.InlineCodegen.performInline(InlineCodegen.kt:51)
	... 81 more


